../Core/Src/modbusSlave.c:259:6:extractFromByte	12	static
../Core/Src/modbusSlave.c:267:6:decodeCoilsFromRXBuffer	24	static
../Core/Src/modbusSlave.c:284:14:hadleWriteMultipleCoils	16	static
../Core/Src/modbusSlave.c:304:14:sendModbusException	16	static
../Core/Src/modbusSlave.c:18:14:handleReadHoldingRegs	24	static
../Core/Src/modbusSlave.c:59:14:handleReadInputRegs	24	static
../Core/Src/modbusSlave.c:92:14:handleReadCoils	24	static
../Core/Src/modbusSlave.c:121:14:handleReadDiscreteInputs	24	static
../Core/Src/modbusSlave.c:152:14:handleWriteSingleHandlingRegister	16	static
../Core/Src/modbusSlave.c:178:14:handleWriteMulyipleHandlingRegister	24	static
../Core/Src/modbusSlave.c:223:14:handleWriteSingleCoil	8	static
