../Core/Src/I2C_display.c:13:6:I2C_send	32	static
../Core/Src/I2C_display.c:30:6:LCD_SendString	16	static
../Core/Src/I2C_display.c:37:6:lcd_write_nibble	32	static
../Core/Src/I2C_display.c:48:6:lcd_send_cmd	24	static
../Core/Src/I2C_display.c:58:6:lcd_send_data	24	static
../Core/Src/I2C_display.c:65:6:lcd_init	8	static
../Core/Src/I2C_display.c:81:6:lcd_write_string	16	static
../Core/Src/I2C_display.c:87:6:lcd_set_cursor	24	static
../Core/Src/I2C_display.c:109:6:lcd_clear	8	static
../Core/Src/I2C_display.c:114:6:lcd_backlight	16	static
