../Core/Src/main.c:160:6:Check_USART2_Timeout	2
../Core/Src/main.c:170:6:ALARM_LED	8
../Core/Src/main.c:203:6:Reset_USART2	1
../Core/Src/main.c:240:5:main	6
../Core/Src/main.c:374:6:SystemClock_Config	4
../Core/Src/main.c:427:13:MX_ADC1_Init	4
../Core/Src/main.c:493:13:MX_ADC2_Init	5
../Core/Src/main.c:568:13:MX_I2C1_Init	4
../Core/Src/main.c:616:13:MX_TIM1_Init	7
../Core/Src/main.c:696:13:MX_TIM2_Init	7
../Core/Src/main.c:761:13:MX_TIM3_Init	4
../Core/Src/main.c:806:13:MX_TIM8_Init	5
../Core/Src/main.c:876:13:MX_USART2_UART_Init	2
../Core/Src/main.c:909:13:MX_DMA_Init	1
../Core/Src/main.c:934:13:MX_GPIO_Init	1
../Core/Src/main.c:998:6:HAL_TIM_PeriodElapsedCallback	2
../Core/Src/main.c:1009:6:HAL_TIM_IC_CaptureCallback	3
../Core/Src/main.c:1031:6:HAL_GPIO_EXTI_Callback	15
../Core/Src/main.c:1114:6:HAL_UART_TxCpltCallback	1
../Core/Src/main.c:1128:6:HAL_UARTEx_RxEventCallback	2
../Core/Src/main.c:1144:6:HAL_ADC_ConvCpltCallback	2
../Core/Src/main.c:1196:6:Error_Handler	1
