../Core/Src/main.c:197:6:ADC_reset_ch	32	static
../Core/Src/main.c:210:6:ADC_Select_CH1	32	static
../Core/Src/main.c:221:6:ADC_Select_CH12	32	static
../Core/Src/main.c:234:10:ADC_read_1	8	static
../Core/Src/main.c:250:10:ADC_read_12	8	static
../Core/Src/main.c:267:6:PWM_correction	16	static
../Core/Src/main.c:306:6:I2C_send	32	static
../Core/Src/main.c:334:6:LCD_SendString	16	static
../Core/Src/main.c:345:6:lcd_write_nibble	32	static
../Core/Src/main.c:358:6:lcd_send_cmd	24	static
../Core/Src/main.c:370:6:lcd_send_data	24	static
../Core/Src/main.c:379:6:lcd_init	8	static
../Core/Src/main.c:397:6:lcd_write_string	16	static
../Core/Src/main.c:404:6:lcd_set_cursor	24	static
../Core/Src/main.c:431:6:lcd_clear	8	static
../Core/Src/main.c:438:6:lcd_backlight	16	static
../Core/Src/main.c:450:6:HAL_UARTEx_RxEventCallback	24	static
../Core/Src/main.c:539:5:main	40	static
../Core/Src/main.c:826:6:SystemClock_Config	128	static
../Core/Src/main.c:883:13:MX_ADC1_Init	48	static
../Core/Src/main.c:949:13:MX_ADC2_Init	32	static
../Core/Src/main.c:1042:13:MX_ADC3_Init	48	static
../Core/Src/main.c:1108:13:MX_I2C1_Init	8	static
../Core/Src/main.c:1156:13:MX_RTC_Init	32	static
../Core/Src/main.c:1219:13:MX_TIM1_Init	112	static
../Core/Src/main.c:1303:13:MX_TIM2_Init	56	static
../Core/Src/main.c:1368:13:MX_TIM8_Init	112	static
../Core/Src/main.c:1448:13:MX_TIM15_Init	112	static
../Core/Src/main.c:1524:13:MX_USART1_UART_Init	8	static
../Core/Src/main.c:1559:13:MX_USART2_UART_Init	8	static
../Core/Src/main.c:1592:13:MX_DMA_Init	16	static
../Core/Src/main.c:1617:13:MX_GPIO_Init	48	static
../Core/Src/main.c:1703:6:HAL_TIM_IC_CaptureCallback	16	static
../Core/Src/main.c:1760:6:HAL_GPIO_EXTI_Callback	16	static
../Core/Src/main.c:1856:6:HAL_UART_TxCpltCallback	16	static
../Core/Src/main.c:1864:6:HAL_ADC_ConvCpltCallback	16	static
../Core/Src/main.c:1878:6:Error_Handler	4	static,ignoring_inline_asm
