../Core/Src/stm32f3xx_it.c:79:6:NMI_Handler	4	static
../Core/Src/stm32f3xx_it.c:94:6:HardFault_Handler	4	static
../Core/Src/stm32f3xx_it.c:109:6:MemManage_Handler	4	static
../Core/Src/stm32f3xx_it.c:124:6:BusFault_Handler	4	static
../Core/Src/stm32f3xx_it.c:139:6:UsageFault_Handler	4	static
../Core/Src/stm32f3xx_it.c:154:6:SVC_Handler	4	static
../Core/Src/stm32f3xx_it.c:167:6:DebugMon_Handler	4	static
../Core/Src/stm32f3xx_it.c:180:6:PendSV_Handler	4	static
../Core/Src/stm32f3xx_it.c:193:6:SysTick_Handler	8	static
../Core/Src/stm32f3xx_it.c:214:6:RCC_IRQHandler	4	static
../Core/Src/stm32f3xx_it.c:227:6:EXTI1_IRQHandler	8	static
../Core/Src/stm32f3xx_it.c:241:6:DMA1_Channel6_IRQHandler	8	static
../Core/Src/stm32f3xx_it.c:255:6:DMA1_Channel7_IRQHandler	8	static
../Core/Src/stm32f3xx_it.c:269:6:ADC1_2_IRQHandler	8	static
../Core/Src/stm32f3xx_it.c:284:6:EXTI9_5_IRQHandler	8	static
../Core/Src/stm32f3xx_it.c:298:6:TIM1_BRK_TIM15_IRQHandler	8	static
../Core/Src/stm32f3xx_it.c:313:6:TIM2_IRQHandler	8	static
../Core/Src/stm32f3xx_it.c:327:6:I2C1_EV_IRQHandler	8	static
../Core/Src/stm32f3xx_it.c:341:6:I2C1_ER_IRQHandler	8	static
../Core/Src/stm32f3xx_it.c:355:6:USART2_IRQHandler	8	static
../Core/Src/stm32f3xx_it.c:369:6:EXTI15_10_IRQHandler	8	static
../Core/Src/stm32f3xx_it.c:384:6:TIM8_BRK_IRQHandler	8	static
../Core/Src/stm32f3xx_it.c:398:6:DMA2_Channel1_IRQHandler	8	static
