../Core/Src/main.c:161:6:Check_USART2_Timeout	2
../Core/Src/main.c:169:6:ALARM_LED	8
../Core/Src/main.c:202:6:Reset_USART2	1
../Core/Src/main.c:238:5:main	11
../Core/Src/main.c:358:6:SystemClock_Config	4
../Core/Src/main.c:410:13:MX_CAN_Init	2
../Core/Src/main.c:447:13:MX_I2C1_Init	4
../Core/Src/main.c:495:13:MX_TIM1_Init	7
../Core/Src/main.c:575:13:MX_TIM2_Init	7
../Core/Src/main.c:639:13:MX_TIM8_Init	7
../Core/Src/main.c:719:13:MX_USART2_UART_Init	2
../Core/Src/main.c:752:13:MX_DMA_Init	1
../Core/Src/main.c:773:13:MX_GPIO_Init	1
../Core/Src/main.c:845:6:HAL_GPIO_EXTI_Callback	16
../Core/Src/main.c:936:6:Error_Handler	1
