../Drivers/STM32G0xx_HAL_Driver/Src/stm32g0xx_hal_adc.c:862:13:HAL_ADC_MspInit	0	static
../Drivers/STM32G0xx_HAL_Driver/Src/stm32g0xx_hal_adc.c:379:19:HAL_ADC_Init	32	static
../Drivers/STM32G0xx_HAL_Driver/Src/stm32g0xx_hal_adc.c:879:13:HAL_ADC_MspDeInit	0	static
../Drivers/STM32G0xx_HAL_Driver/Src/stm32g0xx_hal_adc.c:1264:19:HAL_ADC_PollForConversion	24	static
../Drivers/STM32G0xx_HAL_Driver/Src/stm32g0xx_hal_adc.c:1397:19:HAL_ADC_PollForEvent	24	static
../Drivers/STM32G0xx_HAL_Driver/Src/stm32g0xx_hal_adc.c:1842:10:HAL_ADC_GetValue	0	static
../Drivers/STM32G0xx_HAL_Driver/Src/stm32g0xx_hal_adc.c:2069:13:HAL_ADC_ConvCpltCallback	0	static
../Drivers/STM32G0xx_HAL_Driver/Src/stm32g0xx_hal_adc.c:2084:13:HAL_ADC_ConvHalfCpltCallback	0	static
../Drivers/STM32G0xx_HAL_Driver/Src/stm32g0xx_hal_adc.c:2939:13:ADC_DMAHalfConvCplt	8	static
../Drivers/STM32G0xx_HAL_Driver/Src/stm32g0xx_hal_adc.c:2099:13:HAL_ADC_LevelOutOfWindowCallback	0	static
../Drivers/STM32G0xx_HAL_Driver/Src/stm32g0xx_hal_adc.c:2121:13:HAL_ADC_ErrorCallback	0	static
../Drivers/STM32G0xx_HAL_Driver/Src/stm32g0xx_hal_adc.c:2957:13:ADC_DMAError	8	static
../Drivers/STM32G0xx_HAL_Driver/Src/stm32g0xx_hal_adc.c:2861:13:ADC_DMAConvCplt	8	static
../Drivers/STM32G0xx_HAL_Driver/Src/stm32g0xx_hal_adc.c:1859:6:HAL_ADC_IRQHandler	16	static
../Drivers/STM32G0xx_HAL_Driver/Src/stm32g0xx_hal_adc.c:2167:19:HAL_ADC_ConfigChannel	32	static
../Drivers/STM32G0xx_HAL_Driver/Src/stm32g0xx_hal_adc.c:2611:10:HAL_ADC_GetState	0	static
../Drivers/STM32G0xx_HAL_Driver/Src/stm32g0xx_hal_adc.c:2625:10:HAL_ADC_GetError	0	static
../Drivers/STM32G0xx_HAL_Driver/Src/stm32g0xx_hal_adc.c:2652:19:ADC_ConversionStop	16	static
../Drivers/STM32G0xx_HAL_Driver/Src/stm32g0xx_hal_adc.c:2706:19:ADC_Enable	32	static
../Drivers/STM32G0xx_HAL_Driver/Src/stm32g0xx_hal_adc.c:1146:19:HAL_ADC_Start	8	static
../Drivers/STM32G0xx_HAL_Driver/Src/stm32g0xx_hal_adc.c:1527:19:HAL_ADC_Start_IT	8	static
../Drivers/STM32G0xx_HAL_Driver/Src/stm32g0xx_hal_adc.c:1665:19:HAL_ADC_Start_DMA	16	static
../Drivers/STM32G0xx_HAL_Driver/Src/stm32g0xx_hal_adc.c:2799:19:ADC_Disable	16	static
../Drivers/STM32G0xx_HAL_Driver/Src/stm32g0xx_hal_adc.c:733:19:HAL_ADC_DeInit	16	static
../Drivers/STM32G0xx_HAL_Driver/Src/stm32g0xx_hal_adc.c:1213:19:HAL_ADC_Stop	8	static
../Drivers/STM32G0xx_HAL_Driver/Src/stm32g0xx_hal_adc.c:1618:19:HAL_ADC_Stop_IT	8	static
../Drivers/STM32G0xx_HAL_Driver/Src/stm32g0xx_hal_adc.c:1761:19:HAL_ADC_Stop_DMA	16	static
../Drivers/STM32G0xx_HAL_Driver/Src/stm32g0xx_hal_adc.c:2375:19:HAL_ADC_AnalogWDGConfig	24	static
