../Drivers/STM32G0xx_HAL_Driver/Src/stm32g0xx_hal_uart.c:3651:13:UART_EndTxTransfer	12	static,ignoring_inline_asm
../Drivers/STM32G0xx_HAL_Driver/Src/stm32g0xx_hal_uart.c:3667:13:UART_EndRxTransfer	12	static,ignoring_inline_asm
../Drivers/STM32G0xx_HAL_Driver/Src/stm32g0xx_hal_uart.c:4080:13:UART_TxISR_8BIT	8	static,ignoring_inline_asm
../Drivers/STM32G0xx_HAL_Driver/Src/stm32g0xx_hal_uart.c:4109:13:UART_TxISR_16BIT	8	static,ignoring_inline_asm
../Drivers/STM32G0xx_HAL_Driver/Src/stm32g0xx_hal_uart.c:4141:13:UART_TxISR_8BIT_FIFOEN	12	static,ignoring_inline_asm
../Drivers/STM32G0xx_HAL_Driver/Src/stm32g0xx_hal_uart.c:4181:13:UART_TxISR_16BIT_FIFOEN	12	static,ignoring_inline_asm
../Drivers/STM32G0xx_HAL_Driver/Src/stm32g0xx_hal_uart.c:679:13:HAL_UART_MspInit	0	static
../Drivers/STM32G0xx_HAL_Driver/Src/stm32g0xx_hal_uart.c:694:13:HAL_UART_MspDeInit	0	static
../Drivers/STM32G0xx_HAL_Driver/Src/stm32g0xx_hal_uart.c:632:19:HAL_UART_DeInit	16	static
../Drivers/STM32G0xx_HAL_Driver/Src/stm32g0xx_hal_uart.c:1328:19:HAL_UART_Transmit_IT	12	static,ignoring_inline_asm
../Drivers/STM32G0xx_HAL_Driver/Src/stm32g0xx_hal_uart.c:1469:19:HAL_UART_Transmit_DMA	8	static,ignoring_inline_asm
../Drivers/STM32G0xx_HAL_Driver/Src/stm32g0xx_hal_uart.c:1602:19:HAL_UART_DMAPause	12	static,ignoring_inline_asm
../Drivers/STM32G0xx_HAL_Driver/Src/stm32g0xx_hal_uart.c:1632:19:HAL_UART_DMAResume	8	static,ignoring_inline_asm
../Drivers/STM32G0xx_HAL_Driver/Src/stm32g0xx_hal_uart.c:1663:19:HAL_UART_DMAStop	16	static,ignoring_inline_asm
../Drivers/STM32G0xx_HAL_Driver/Src/stm32g0xx_hal_uart.c:1738:19:HAL_UART_Abort	16	static,ignoring_inline_asm
../Drivers/STM32G0xx_HAL_Driver/Src/stm32g0xx_hal_uart.c:1841:19:HAL_UART_AbortTransmit	16	static,ignoring_inline_asm
../Drivers/STM32G0xx_HAL_Driver/Src/stm32g0xx_hal_uart.c:1900:19:HAL_UART_AbortReceive	16	static,ignoring_inline_asm
../Drivers/STM32G0xx_HAL_Driver/Src/stm32g0xx_hal_uart.c:2635:13:HAL_UART_TxCpltCallback	0	static
../Drivers/STM32G0xx_HAL_Driver/Src/stm32g0xx_hal_uart.c:3693:13:UART_DMATransmitCplt	8	static,ignoring_inline_asm
../Drivers/STM32G0xx_HAL_Driver/Src/stm32g0xx_hal_uart.c:2650:13:HAL_UART_TxHalfCpltCallback	0	static
../Drivers/STM32G0xx_HAL_Driver/Src/stm32g0xx_hal_uart.c:3727:13:UART_DMATxHalfCplt	8	static
../Drivers/STM32G0xx_HAL_Driver/Src/stm32g0xx_hal_uart.c:2665:13:HAL_UART_RxCpltCallback	0	static
../Drivers/STM32G0xx_HAL_Driver/Src/stm32g0xx_hal_uart.c:2680:13:HAL_UART_RxHalfCpltCallback	0	static
../Drivers/STM32G0xx_HAL_Driver/Src/stm32g0xx_hal_uart.c:2695:13:HAL_UART_ErrorCallback	0	static
../Drivers/STM32G0xx_HAL_Driver/Src/stm32g0xx_hal_uart.c:3844:13:UART_DMAError	16	static
../Drivers/STM32G0xx_HAL_Driver/Src/stm32g0xx_hal_uart.c:3884:13:UART_DMAAbortOnError	8	static
../Drivers/STM32G0xx_HAL_Driver/Src/stm32g0xx_hal_uart.c:2710:13:HAL_UART_AbortCpltCallback	0	static
../Drivers/STM32G0xx_HAL_Driver/Src/stm32g0xx_hal_uart.c:1968:19:HAL_UART_Abort_IT	16	static,ignoring_inline_asm
../Drivers/STM32G0xx_HAL_Driver/Src/stm32g0xx_hal_uart.c:3962:13:UART_DMARxAbortCallback	8	static
../Drivers/STM32G0xx_HAL_Driver/Src/stm32g0xx_hal_uart.c:3907:13:UART_DMATxAbortCallback	8	static
../Drivers/STM32G0xx_HAL_Driver/Src/stm32g0xx_hal_uart.c:2725:13:HAL_UART_AbortTransmitCpltCallback	0	static
../Drivers/STM32G0xx_HAL_Driver/Src/stm32g0xx_hal_uart.c:2121:19:HAL_UART_AbortTransmit_IT	16	static,ignoring_inline_asm
../Drivers/STM32G0xx_HAL_Driver/Src/stm32g0xx_hal_uart.c:4014:13:UART_DMATxOnlyAbortCallback	8	static
../Drivers/STM32G0xx_HAL_Driver/Src/stm32g0xx_hal_uart.c:2740:13:HAL_UART_AbortReceiveCpltCallback	0	static
../Drivers/STM32G0xx_HAL_Driver/Src/stm32g0xx_hal_uart.c:2212:19:HAL_UART_AbortReceive_IT	16	static,ignoring_inline_asm
../Drivers/STM32G0xx_HAL_Driver/Src/stm32g0xx_hal_uart.c:4047:13:UART_DMARxOnlyAbortCallback	8	static
../Drivers/STM32G0xx_HAL_Driver/Src/stm32g0xx_hal_uart.c:2757:13:HAL_UARTEx_RxEventCallback	0	static
../Drivers/STM32G0xx_HAL_Driver/Src/stm32g0xx_hal_uart.c:2305:6:HAL_UART_IRQHandler	24	static,ignoring_inline_asm
../Drivers/STM32G0xx_HAL_Driver/Src/stm32g0xx_hal_uart.c:4247:13:UART_RxISR_8BIT	8	static,ignoring_inline_asm
../Drivers/STM32G0xx_HAL_Driver/Src/stm32g0xx_hal_uart.c:4338:13:UART_RxISR_16BIT	8	static,ignoring_inline_asm
../Drivers/STM32G0xx_HAL_Driver/Src/stm32g0xx_hal_uart.c:4431:13:UART_RxISR_8BIT_FIFOEN	32	static,ignoring_inline_asm
../Drivers/STM32G0xx_HAL_Driver/Src/stm32g0xx_hal_uart.c:4593:13:UART_RxISR_16BIT_FIFOEN	32	static,ignoring_inline_asm
../Drivers/STM32G0xx_HAL_Driver/Src/stm32g0xx_hal_uart.c:3806:13:UART_DMARxHalfCplt	8	static
../Drivers/STM32G0xx_HAL_Driver/Src/stm32g0xx_hal_uart.c:3745:13:UART_DMAReceiveCplt	16	static,ignoring_inline_asm
../Drivers/STM32G0xx_HAL_Driver/Src/stm32g0xx_hal_uart.c:2805:6:HAL_UART_ReceiverTimeout_Config	0	static
../Drivers/STM32G0xx_HAL_Driver/Src/stm32g0xx_hal_uart.c:2820:19:HAL_UART_EnableReceiverTimeout	12	static
../Drivers/STM32G0xx_HAL_Driver/Src/stm32g0xx_hal_uart.c:2858:19:HAL_UART_DisableReceiverTimeout	12	static
../Drivers/STM32G0xx_HAL_Driver/Src/stm32g0xx_hal_uart.c:2936:6:HAL_MultiProcessor_EnterMuteMode	0	static
../Drivers/STM32G0xx_HAL_Driver/Src/stm32g0xx_hal_uart.c:2946:19:HAL_HalfDuplex_EnableTransmitter	20	static,ignoring_inline_asm
../Drivers/STM32G0xx_HAL_Driver/Src/stm32g0xx_hal_uart.c:2969:19:HAL_HalfDuplex_EnableReceiver	20	static,ignoring_inline_asm
../Drivers/STM32G0xx_HAL_Driver/Src/stm32g0xx_hal_uart.c:2993:19:HAL_LIN_SendBreak	12	static
../Drivers/STM32G0xx_HAL_Driver/Src/stm32g0xx_hal_uart.c:3038:23:HAL_UART_GetState	0	static
../Drivers/STM32G0xx_HAL_Driver/Src/stm32g0xx_hal_uart.c:3054:10:HAL_UART_GetError	0	static
../Drivers/STM32G0xx_HAL_Driver/Src/stm32g0xx_hal_uart.c:3100:19:UART_SetConfig	16	static
../Drivers/STM32G0xx_HAL_Driver/Src/stm32g0xx_hal_uart.c:3311:6:UART_AdvFeatureConfig	0	static
../Drivers/STM32G0xx_HAL_Driver/Src/stm32g0xx_hal_uart.c:3454:19:UART_WaitOnFlagUntilTimeout	32	static
../Drivers/STM32G0xx_HAL_Driver/Src/stm32g0xx_hal_uart.c:1122:19:HAL_UART_Transmit	40	static
../Drivers/STM32G0xx_HAL_Driver/Src/stm32g0xx_hal_uart.c:1228:19:HAL_UART_Receive	40	static
../Drivers/STM32G0xx_HAL_Driver/Src/stm32g0xx_hal_uart.c:3385:19:UART_CheckIdleState	24	static,ignoring_inline_asm
../Drivers/STM32G0xx_HAL_Driver/Src/stm32g0xx_hal_uart.c:307:19:HAL_UART_Init	8	static
../Drivers/STM32G0xx_HAL_Driver/Src/stm32g0xx_hal_uart.c:382:19:HAL_HalfDuplex_Init	8	static
../Drivers/STM32G0xx_HAL_Driver/Src/stm32g0xx_hal_uart.c:457:19:HAL_LIN_Init	16	static
../Drivers/STM32G0xx_HAL_Driver/Src/stm32g0xx_hal_uart.c:556:19:HAL_MultiProcessor_Init	16	static
../Drivers/STM32G0xx_HAL_Driver/Src/stm32g0xx_hal_uart.c:2896:19:HAL_MultiProcessor_EnableMuteMode	8	static,ignoring_inline_asm
../Drivers/STM32G0xx_HAL_Driver/Src/stm32g0xx_hal_uart.c:2916:19:HAL_MultiProcessor_DisableMuteMode	8	static,ignoring_inline_asm
../Drivers/STM32G0xx_HAL_Driver/Src/stm32g0xx_hal_uart.c:3522:19:UART_Start_Receive_IT	8	static,ignoring_inline_asm
../Drivers/STM32G0xx_HAL_Driver/Src/stm32g0xx_hal_uart.c:1412:19:HAL_UART_Receive_IT	16	static,ignoring_inline_asm
../Drivers/STM32G0xx_HAL_Driver/Src/stm32g0xx_hal_uart.c:3594:19:UART_Start_Receive_DMA	8	static,ignoring_inline_asm
../Drivers/STM32G0xx_HAL_Driver/Src/stm32g0xx_hal_uart.c:1555:19:HAL_UART_Receive_DMA	16	static,ignoring_inline_asm
