../Drivers/STM32F3xx_HAL_Driver/Src/stm32f3xx_hal_can.c:275:19:HAL_CAN_Init	24	static
../Drivers/STM32F3xx_HAL_Driver/Src/stm32f3xx_hal_can.c:460:19:HAL_CAN_DeInit	16	static
../Drivers/STM32F3xx_HAL_Driver/Src/stm32f3xx_hal_can.c:507:13:HAL_CAN_MspInit	16	static
../Drivers/STM32F3xx_HAL_Driver/Src/stm32f3xx_hal_can.c:523:13:HAL_CAN_MspDeInit	16	static
../Drivers/STM32F3xx_HAL_Driver/Src/stm32f3xx_hal_can.c:840:19:HAL_CAN_ConfigFilter	32	static
../Drivers/STM32F3xx_HAL_Driver/Src/stm32f3xx_hal_can.c:990:19:HAL_CAN_Start	24	static
../Drivers/STM32F3xx_HAL_Driver/Src/stm32f3xx_hal_can.c:1042:19:HAL_CAN_Stop	24	static
../Drivers/STM32F3xx_HAL_Driver/Src/stm32f3xx_hal_can.c:1097:19:HAL_CAN_RequestSleep	24	static
../Drivers/STM32F3xx_HAL_Driver/Src/stm32f3xx_hal_can.c:1128:19:HAL_CAN_WakeUp	24	static
../Drivers/STM32F3xx_HAL_Driver/Src/stm32f3xx_hal_can.c:1175:10:HAL_CAN_IsSleepActive	24	static
../Drivers/STM32F3xx_HAL_Driver/Src/stm32f3xx_hal_can.c:1206:19:HAL_CAN_AddTxMessage	40	static
../Drivers/STM32F3xx_HAL_Driver/Src/stm32f3xx_hal_can.c:1306:19:HAL_CAN_AbortTxRequest	24	static
../Drivers/STM32F3xx_HAL_Driver/Src/stm32f3xx_hal_can.c:1355:10:HAL_CAN_GetTxMailboxesFreeLevel	24	static
../Drivers/STM32F3xx_HAL_Driver/Src/stm32f3xx_hal_can.c:1398:10:HAL_CAN_IsTxMessagePending	24	static
../Drivers/STM32F3xx_HAL_Driver/Src/stm32f3xx_hal_can.c:1430:10:HAL_CAN_GetTxTimestamp	40	static,ignoring_inline_asm
../Drivers/STM32F3xx_HAL_Driver/Src/stm32f3xx_hal_can.c:1464:19:HAL_CAN_GetRxMessage	32	static
../Drivers/STM32F3xx_HAL_Driver/Src/stm32f3xx_hal_can.c:1564:10:HAL_CAN_GetRxFifoFillLevel	24	static
../Drivers/STM32F3xx_HAL_Driver/Src/stm32f3xx_hal_can.c:1617:19:HAL_CAN_ActivateNotification	24	static
../Drivers/STM32F3xx_HAL_Driver/Src/stm32f3xx_hal_can.c:1650:19:HAL_CAN_DeactivateNotification	24	static
../Drivers/STM32F3xx_HAL_Driver/Src/stm32f3xx_hal_can.c:1681:6:HAL_CAN_IRQHandler	48	static
../Drivers/STM32F3xx_HAL_Driver/Src/stm32f3xx_hal_can.c:2092:13:HAL_CAN_TxMailbox0CompleteCallback	16	static
../Drivers/STM32F3xx_HAL_Driver/Src/stm32f3xx_hal_can.c:2109:13:HAL_CAN_TxMailbox1CompleteCallback	16	static
../Drivers/STM32F3xx_HAL_Driver/Src/stm32f3xx_hal_can.c:2126:13:HAL_CAN_TxMailbox2CompleteCallback	16	static
../Drivers/STM32F3xx_HAL_Driver/Src/stm32f3xx_hal_can.c:2143:13:HAL_CAN_TxMailbox0AbortCallback	16	static
../Drivers/STM32F3xx_HAL_Driver/Src/stm32f3xx_hal_can.c:2160:13:HAL_CAN_TxMailbox1AbortCallback	16	static
../Drivers/STM32F3xx_HAL_Driver/Src/stm32f3xx_hal_can.c:2177:13:HAL_CAN_TxMailbox2AbortCallback	16	static
../Drivers/STM32F3xx_HAL_Driver/Src/stm32f3xx_hal_can.c:2194:13:HAL_CAN_RxFifo0MsgPendingCallback	16	static
../Drivers/STM32F3xx_HAL_Driver/Src/stm32f3xx_hal_can.c:2211:13:HAL_CAN_RxFifo0FullCallback	16	static
../Drivers/STM32F3xx_HAL_Driver/Src/stm32f3xx_hal_can.c:2228:13:HAL_CAN_RxFifo1MsgPendingCallback	16	static
../Drivers/STM32F3xx_HAL_Driver/Src/stm32f3xx_hal_can.c:2245:13:HAL_CAN_RxFifo1FullCallback	16	static
../Drivers/STM32F3xx_HAL_Driver/Src/stm32f3xx_hal_can.c:2262:13:HAL_CAN_SleepCallback	16	static
../Drivers/STM32F3xx_HAL_Driver/Src/stm32f3xx_hal_can.c:2278:13:HAL_CAN_WakeUpFromRxMsgCallback	16	static
../Drivers/STM32F3xx_HAL_Driver/Src/stm32f3xx_hal_can.c:2295:13:HAL_CAN_ErrorCallback	16	static
../Drivers/STM32F3xx_HAL_Driver/Src/stm32f3xx_hal_can.c:2332:22:HAL_CAN_GetState	24	static
../Drivers/STM32F3xx_HAL_Driver/Src/stm32f3xx_hal_can.c:2367:10:HAL_CAN_GetError	16	static
../Drivers/STM32F3xx_HAL_Driver/Src/stm32f3xx_hal_can.c:2379:19:HAL_CAN_ResetError	24	static
